
> pulse-intelligence@0.0.0 build
> next build

  ▲ Next.js 14.2.33

   Creating an optimized production build ...
Failed to compile.

./components/credits/useCredits.jsx
Module not found: Can't resolve '../../../api-entities'

https://nextjs.org/docs/messages/module-not-found

Import trace for requested module:
./src/pages/AllObjections.jsx

./src/components/actions/taskGeneration.jsx
Module not found: Can't resolve '../../api-entities'

https://nextjs.org/docs/messages/module-not-found

Import trace for requested module:
./src/pages/Goals.jsx

./src/components/agents/AgentChatInterface.jsx
Module not found: Can't resolve '../../api-entities'

https://nextjs.org/docs/messages/module-not-found

Import trace for requested module:
./src/pages/Agents.jsx

./src/components/agents/CallDetailSidebar.jsx
Module not found: Can't resolve '../../api-entities'

https://nextjs.org/docs/messages/module-not-found

Import trace for requested module:
./src/pages/Agents.jsx

./src/components/agents/CurrentTransactionsPanel.jsx
Module not found: Can't resolve '../../api-entities'

https://nextjs.org/docs/messages/module-not-found

Import trace for requested module:
./src/pages/Agents.jsx


> Build failed because of webpack errors
